// Jest Snapshot v1, https://goo.gl/fbAQLP

exports[`hides password quality by default 1`] = `
<div>
  <label
    htmlFor="test"
    style={
      Object {
        "display": "block",
      }
    }
  >
    Password
     
    <span
      style={
        Object {
          "color": "red",
        }
      }
    >
       *
    </span>
  </label>
  <div
    style={
      Object {
        "cursor": "pointer",
        "maxWidth": "235px",
        "position": "relative",
      }
    }
  >
    <span
      onClick={[Function]}
      style={
        Object {
          "background": "url(\\"data:image/svg+xml,%3Csvg%20width%3D%2216%22%20height%3D%2216%22%20xmlns%3D%22http%3A%2F%2Fwww.w3.org%2F2000%2Fsvg%22%20viewBox%3D%220%200%2022%2022%22%3E%3Cg%20transform%3D%22matrix(.02146%200%200%20.02146%201%201)%22%20fill%3D%22%234d4d4d%22%3E%3Cpath%20d%3D%22m466.07%20161.53c-205.6%200-382.8%20121.2-464.2%20296.1-2.5%205.3-2.5%2011.5%200%2016.9%2081.4%20174.9%20258.6%20296.1%20464.2%20296.1%20205.6%200%20382.8-121.2%20464.2-296.1%202.5-5.3%202.5-11.5%200-16.9-81.4-174.9-258.6-296.1-464.2-296.1m0%20514.7c-116.1%200-210.1-94.1-210.1-210.1%200-116.1%2094.1-210.1%20210.1-210.1%20116.1%200%20210.1%2094.1%20210.1%20210.1%200%20116-94.1%20210.1-210.1%20210.1%22%3E%3C%2Fpath%3E%3Ccircle%20cx%3D%22466.08%22%20cy%3D%22466.02%22%20r%3D%22134.5%22%3E%3C%2Fcircle%3E%3C%2Fg%3E%3C%2Fsvg%3E\\") center / contain no-repeat",
          "bottom": 0,
          "content": "",
          "left": "255px",
          "position": "absolute",
          "top": 0,
          "width": "16px",
        }
      }
    />
    <label
      style={
        Object {
          "maxWidth": "250px",
        }
      }
    >
      <input
        id="test"
        name="test"
        onChange={[Function]}
        style={
          Object {
            "padding": "10px 35px 10px 10px",
            "width": "235px",
          }
        }
        type="password"
        value="IUacac#7wfe"
      />
    </label>
  </div>
</div>
`;
